0008=BANCO ATLÁNTICO, S.A.
0019=DEUTSCHE BANK, S.A.E.
0205=Deutsche Bank Credit, S.A.
0030=BANCO ESPAÑOL DE CRÉDITO, S.A.
0088=Bank of América, S.A.
0100=Banco de Vitoria, S.A.
0109=Banco de Desarrollo Económico Español, S.A.
0154=Credit Agricole Indosuez, S.E.
0156=ABN Amro Bank N.V., S.E.
0167=Fortis Bank, S.A.,S.E.
0168=Banque Bruxelles Lambert, S.E.
3146=Caja Escolar de Fomento, S.C.C.
0042=BANCO GUIPUZCOANO, S.A.
0049=BANCO SANTANDER CENTRAL HISPANO, S.A.
0036=Santander Central Hispano Investment, S.A.
0073=Patagón Internet Bank, S.A.
0086=Banco BSN Banif, S.A.
0147=Morgan Guaranty Trust Company New York, S.E.
0224=HBF Banco Financiero, S.A.
0061=BANCA MARCH, S.A.
0065=BARCLAYS BANK, S.A.
0072=BANCO PASTOR, S.A.
0075=BANCO POPULAR ESPAÑOL, S.A.
0003=Banco de Depósitos, S.A.
0004=Banco de Andalucía, S.A.
0021=Banco Condal, S.A.
0024=Banco de Crédito Balear, S.A.
0079=Banco Inversión, S.A.
0082=Banco de Castilla, S.A.
0095=Banco de Vasconia, S.A.
0097=Banco de Galicia, S.A.
0216=Banco Popular Hipotecario, S.A.
0229=Bancopopular-E, S.A.
1459=Coop. Centr. Raiffeisen-Boerenl. (Rabobank), S.E.
0081=BANCO SABADELL, S.A.
0118=Banco de Asturias, S.A.
0185=Sabadell Banca Privada, S.A.
0230=Activobank, S.A.
0093=BANCO DE VALENCIA, S.A.
0103=BANCO ZARAGOZANO, S.A.
0112=BANCO URQUIJO, S.A.
0144=BNP Paribas Securities Services, S.E.
0155=Banco do Brasil, S.A., S.E.
0228=Banco CDC Urquijo, S.A.
1453=Banca Monte Dei Paschi di Siena, S.p.A., S.E.
1471=Royal Bank of Canadá Europe Ltd, S.E.
0128=BANKINTER, S.A.
0182=BANCO BILBAO VIZCAYA ARGENTARIA, S.A.
0009=Finanzia, Banco de Crédito, S.A.
0035=BBVA Privanza Banco, S.A.
0048=Banco Simeón, S.A..
0057=Banco Depositario BBVA, S.A.
0058=BNP Paribas España, S.A.
0089=Banco de Extremadura, S.A.
0096=Probanca, Servicios Financieros, S.A.
0105=Credit Lyonnais, S.E.
0106=Lloyds TSB Bank PLC, S.E.
0107=Banca Nazionale del Lavoro, S.p.A., S.E.
0129=BBV Banco de Financiación., S.A.
0130=Banco Luso Español, S.A.
0131=Banco Espírito Santo, S.A.
0136=Banco Arabe Español, S.A.
0143=Dresdner Bank, A.G., S.E.
0149=BNP Paribas, S.E.
0162=HSBC Bank PLC, S.E.
0163=Banca di Roma, S.p.A., S.E.
0174=Banca Intesa Banca Comm. Italiana, S.P.A., S.E.
0189=The Industrial Bank of Japan, Ltd., S.E.
0190=Banco BPI, S.A., S.E.
0196=Westdeutsche Landesbank Girozentrale, S.E.
0217=Banco Halifax Hispania, S.A.
0219=Banque Marocaine Du Comm. Exterieur Interna., S.A.
0220=Banco Esfinge, S.A.
0226=UBS España, S.A.
0227=Unoe Bank, S.A.
1004=Banco de Crédito Local de España, S.A.
1460=Credit Suisse, S.E.
1465=ING Bank N.V., S.E.
1474=Citibank International Plc, S.E.
1478=Merril Lynch International Bank LTD., S.E.
0198=BANCO COOPERATIVO ESPAÑOL, S.A.
0094=Bancoval, S.A.
0108=Societé Generale, S.E.
0184=Banco Europeo de Finanzas, S.A.
0188=Banco Alcalá, S.A.
0214=Arab Bank, Plc., S.E.
3001=Caja Rural de Almendralejo, S.C.C.
3005=Caja Rural Central, S.C.C.
3007=Caja Rural de Gijón, C.C.
3008=Caja Rural de Navarra, S.C.C.
3009=Caja Rural de Extremadura, S.C.C.
3016=Caja Rural de Salamanca, S.C.C.
3017=Caja Rural de Soria, S.C.C.
3018=Caja Rural San Agustín de Fuente Álamo, S.C.C.
3020=Caja Rural de Utrera, S.C.A.L.C.
3021=Caja Rural de de Aragón, S.C.C.
3022=Caja Rural de Fuentepelayo, S.C.C.
3023=Caja Rural de Granada, S.C.C.
3029=Caja de Crédito de Petrel, C.R., C.C.V.
3045=Caixa Rural Altea, C.C.V.
3056=Caja Rural de Albacete, S.C.C.
3057=Caja Rural de Alicante, S.C.C.
3058=Caja Rural de Almería y Málaga, S.C.C.
3059=Caja Rural de Asturias, S.C.C.
3060=Caja Rural de Burgos, C.C.
3061=Caja Rural Credicoop, S.C.C.
3062=Caja Rural de Ciudad Real, S.C.C.
3063=Caja Rural de Córdoba, S.C.C.
3064=Caja Rural de Cuenca, S.C.C.
3065=Caja Rural del Sur, S.C.C.
3066=Caja Rural de Huesca, S.C.C.
3067=Caja Rural de Jaén, S.C.C.
3070=Caixa Rural de Lugo, S.C.C.L.
3076=Caja Rural de Tenerife, S.C.C.
3078=Caja Rural de Segovia, C.C.
3079=Caja Rural del Sur, S.C.C.
3080=Caja Rural de Teruel, S.C.C.
3081=Caja Rural de Toledo, S.C.C.
3082=Caja Rural Valencia, S.C.C.
3083=Caja Rural del Duero, S.C.C.L.
3085=Caja Rural de Zamora, C.C.
3089=Caja Rural Nuestra Señora de Guadalupe, S.C.C.A.
3092=Caja Rural de Zaragoza, S.C.C.
3093=Caja Rural del Campo de Cariñena, S.C.C.L.
3094=Caja Rural Valencia Castellana, S.C.C.
3095=Caja Rural San Roque de Almenara, S.C.C.V.
3096=Caixa Rural de L'Alcudia, S.C.V.C.
3098=Caja Rural Nuestra Señora del Rosario, S.C.A.C.
3102=Cajs Rural San Vicente Ferrer,  S.C.C.V.
3104=Caja Rural Nuestra Señora del Campo, S.C.A.C.
3105=Caixa Rural de Callosa D'En Sarriá, C.C.V.
3110=Caja Rural Católico Agraria, S.C.C.V.
3111=Caixa Rural La Vall "San Isidro", S.C.C.V.
3112=Caja Rural San José de Burriana, S.C.C.V.
3113=Caja Rural San José de Alcora, S.C.C.V.
3114=Caja Rural Castellón - S. Isidro, S.C.C.V.
3115=Caja Rural "Nuestra Madre del Sol", S.C.A.C.
3116=Caja Rural Comarcal de Mota del Cuervo, S.C.L.C.A.
3117=Caixa Rural d'Algemesí, S.C.V.C.
3118=Caja Rural de Torrent, C.C.V.
3119=Caja R. S. Jaime de Alquerías Niño Perdido, S.C.C.V.
3121=Caja Rural de Cheste, S.C.C.
3123=Caixa Rural de Turis, C.C.V.
3127=C. C. A. Y C. R. de Casas Ibañez, S.Coop. S.C.
3128=Caja Rural de La Roda, S.C.C.
3130=Caja Rural San José de Almassora, S.C.C.V.
3134=C. R. Ntra. Sra. Esperanza de Onda, S.C.C.V.
3135=Caja Rural San José de Nules, S.C.C.V.
3137=Caja Rural de Casinos, S.C.C.V.
3138=Caja Rural de Betxi, S.C.C.V.
3140=Caja Rural de Guissona, S.C.C.
3144=Caja Rural de Villamalea, S.C.C.A.
3147=Caixa Rural de Balears, S.C.C.
3150=Caja Rural de Albal, C.C.V.
3152=Caja Rural de Villar, C.C.V.
3157=Caja Rural La Junquera de Chilches, S.C.C.V.
3159=Caja Popular-Caixa Popular, C.C.V.
3160=Caja Rural San José de Villavieja, C.C.V.
3162=Caixa Rural Benicarló, S.C.C.V.
3165=Caja Rural San Isidro de Villafames, S.C.C.V.
3166=Caja Rural S. Isidro Coves de Vinroma, S.C.C.V.
3172=Caja Caminos, S.C.C.
3174=Caixa Rural Vinarós, S.C.C.V.
3177=Caja Rural de Canarias, S.C.C.
3179=Caja Rural de Alginet, S.C.C.V.
3181=Caja de Elche, C.R., C.C.V.
3186=Caja R. Santos Piedra Albalat dels Sorells, C.C.V.
0222=THE CHASE MANHATTAN BANK C.M.B., S.A.
0031=Banco Etcheverría, S.A.
0046=Banco Gallego, S.A.
0078=Banca Pueyo, S.A.
0122=Citibank España, S.A.
0138=Bankoa, S.A.
0142=Banco de la Pequeña y Mediana Empresa, S.A.
0151=The Chase Manhattan Bank, S.E.
0159=Commerzbank, A.G., S.E.
0160=The Bank of Tokyo-Mitsubishi, Ltd., S.E.
0186=Banco de Finanzas e Inversiones, S.A.
0191=Eurobank del Mediterráneo, S.A.
0200=Privat Bank, S.A.
1451=Caisse Reg. Crédit Agr. Mutuel Sud Mediterranée, S.E.
1475=Banco Cortal, S.E.
2101=Caja de Ahorros de Guipúzcoa y San Sebastián
3084=Caja Rural Vasca, S.C.C.
3171=Caixa dels Advocats-Caja de los Abogados, S.C.C.
2000=CONFEDERACIÓN ESPAÑOL DE CAJAS DE AHORROS
0059=Banco de Madrid, S.A.
0125=Bancofar, S.A..
0211=Sociedad Española de Banca de Negocios, S.A.
1456=C.R. Crédit Agr. Mutuel Pyrenees Gascogne, S.E.
2010=M. de P. y Caja General de Ahorros de Badajoz
2017=C. Ah. y M.P. Círculo Católico de Obreros Burgos
2018=Caja de Ahorros Municipal de Burgos
2024=Caja de Ahorros y Monte de Piedad de Córdoba
2030=Caixa D'Estalvis de Girona
2031=Caja General de Ahorros de Granada
2032=Caja de Ahorros Provincial de Guadalajara
2037=Caja de Ahorros de La Rioja
2040=Caixa D'Estalvis Comarcal de Manlleu
2041=Caixa D'Estalvis de Manresa
2042=Caixa d'Estalvis Laietana
2043=Caja de Ahorros de Murcia
2045=Caja de Ahorros y Monte de Piedad de Ontinyent
2048=Caja de Ahorros de Asturias
2051=Caja de Ahorros y M. de Piedad de Las Baleares
2052=Caja Insular de Ahorros de Canarias
2054=Caja de Ahorros y M.P. de Navarra
2056=Colonya - Caixa D'Estalvis de Pollensa
2059=Caixa D'Estalvis de Sabadell
2065=Caja General de Ahorros de Canarias
2066=Caja de Ahorros de Santander y Cantabria
2069=Caja de Ahorros y Monte de Piedad de Segovia
2071=Caja Ahorros Prov. San Fernando de Sevilla y Jerez
2073=Caixa d'Estalvis de Tarragona
2074=Caixa d'Estalvis de Terrassa
2080=Caixa de Aforros de Vigo, Ourense y Pontevedra
2081=Caixa d'Estalvis del Penedés
2086=Caja de Ahorros Inmaculada de Aragón
2090=Caja de Ahorros del Mediterráneo
2091=Caja de Ahorros de Galicia
2092=Caja Provincial de Ahorros de Jaén
2094=Caja de Ahorros y Monte de Piedad de Avila
2096=Caja España  Inversiones, Caja de Ahorros y M. P.
2097=Caja de Ahorros de Vitoria y Alava
2098=M. P. y Caja de Ahorros de Huelva y Sevilla
2099=Caja de Ahorros y M. de Piedad de Extremadura
2103=MP.C.A. Ronda, Cádiz, Alm, Mála, Anteq. UNICAJA
2104=Caja de Ahorros  de Salamanca y Soria
2105=Caja de Ahorros de Castilla-La Mancha
2013=CAIXA D´ESTALVIS DE CATALUNYA
2038=CAJA DE AHORROS Y M.P. DE MADRID
0063=Banco Mapfre, S.A.
0099=Altae Banco, S.A.
2077=CAJA DE AH. VALENCIA, CASTELLÓN Y ALICANTE, BANCAJA
0069=Banco de Murcia, S.A.
2085=CAJA AH. Y M.P. ZARAGOZA, ARAGÓN Y RIOJA, IBERCAJA
2095=BILBAO BIZKAIA KUTXA, AURREZKI KUTXA ETA BAHITETXEA
2100=CAJA DE AHORROS Y PENSIONES DE BARCELONA
0043=Banco Herrero, S.A.
0133=Banco de Europa, S.A.
3035=CAJA LABORAL POPULAR, C.C.
3025=Caixa de C. dels Enginyers, C.C. Ingenieros, S.C.C.
3183=Caja de Arquitectos, S.C.C.
9000=BANCO DE ESPAÑA