8000=CENTRAL
8001=AGAETE
8002=AGUIMES
8003=ARTENARA
8004=ARUCAS
8005=BANADEROS
8006=FIRGAS
8007=GUIA
8008=INGENIO
8009=MOGAN
8010=MONTAA CARDONES
8011=MOYA
8012=SAN BARTOLOME DE TIRAJANA
8013=SAN MATEO
8014=SAN NICOLAS DE TOLENTINO
8015=SANTA BRIGIDA
8016=SANTA LUCIA
8017=SARDINA DEL SUR
8018=VECINDARIO
8019=TAMARACEITE
8020=TEJEDA
8021=TELDE (SAN GREGORIO)
8022=TENTENIGUADA
8023=TEROR
8024=VALLESECO
8025=VALSEQUILLO
8026=ARGUINEGUIN
8027=CARRIZAL
8028=GRAN TARAJAL
8029=ARRECIFE
8030=GALDAR
8031=PUERTO DE LA LUZ
8032=PUERTO ROSARIO
8033=MILLER BAJO
8034=SAN LORENZO
8035=LOMO MAGULLO
8036=SAN ANDRES
8037=CASA AYALA
8038=PAGADOR
8039=JUNCALILLO
8040=CASTILLO ROMERAL
8041=VEGUETA
8042=CAIDEROS
8043=PUERTO DEL CARMEN
8044=CENTRUM
8045=MONTAA ALTA
8046=HARIA
8047=EL PILAR
8048=MURO
8049=FERRERAS
8050=SCHAMANN
8051=LA GRACIOSA
8052=JINAMAR
8053=STA. BRIGIDA (ATALAYA)
8054=ESCALERITAS
8055=HUMIAGA I
8056=MERCADO CENTRAL
8057=CHUMBERAS
8058=TEGUISE
8059=TENOYA
8060=GUANARTEME
8061=SAN BARTOLOME (LANZAROTE)
8062=BENARTEMI
8063=ZARATE
8064=SAN JOSE
8065=TOMAS MORALES
8066=LA FERIA  DEL ATLANTICO
8067=PIO XII
8068=ALCAID (MESA Y LOPEZ II)
8069=SAN FERNANDO
8070=HUMIAGA II
8071=AEROPUERTO
8072=FIRGAS (CASABLANCA)
8073=TELDE (SAN JUAN)
8074=LUIS MOROTE
8075=LA GOLETA
8076=ARINAGA
8077=TINAJO
8078=SANTA COLOMA
8079=TABLERO MASPALOMAS
8080=MERCALASPALMAS
8081=LAS TORRES
8082=MERCADO ALTAVISTA
8083=CRUCE DE MELENARA
8084=PLAYA DEL INGLES
8085=PLAZA DE ESPAA
8086=CARVAJAL
8087=ARBEJALES
8088=TIAS
8089=YAIZA
8090=LA PATERNA
8091=TOMAS MILLER
8092=LOMO BLANCO
8093=CORRALEJO
8094=ANTIGUA
8095=PAJARA
8096=SANTIDAD
8097=MORRO JABLE
8098=GUATIZA MALA
8099=CENTRO COMERCIAL LA BALLENA
8101=UNIVERSIDAD LAS PALMAS DE G.C.
8102=BUENAVISTA
8103=EL CEBADAL
8104=MEJICO
8105=CENTRO COMERCIAL LAS ARENAS
8106=PUERTO RICO
8107=PLAYA BLANCA
8108=PLAYA JANDIA
8109=SIETE PALMAS
8110=SANTA CRUZ DE TENERIFE
8111=MADRID
8112=SANTA CRUZ DE LA PALMA
8113=TACO
8114=AYTO. DE LAS PALMAS
8115=PUERTO DE MOGAN
8116=HIPERDINO
8117=LOS LLANOS DE ARIDANE
8118=LA HERRADURA (TELDE)
8120=OF.EMP.PUERTO
8121=EL EJIDO (INGENIO)
8122=LA MARETA
8123=ATALAYA DE GUIA
8124=SAN ISIDRO DE GALDAR
8125=LA OROTAVA
8126=RAMBLAS DE PULIDO
8127=SAN SEBASTIAN DE LA GOMERA
8128=VALVERDE (EL HIERRO)
8129=COSTA CALMA
8130=OF.EMP. LAS PALMAS
8131=OFICINA LOMO LOS FRAILES
8132=GOB. AUTONOMO MUELLE STA CATALINA
8133=LA OLIVA
8134=CENTRO COMERCIAL LA CIEL
8136=ALTAVISTA DE ARRECIFE
8137=SUC. HOSPITAL DE GRAN CANARIA
8140=OF.CONSTRUCCION
8150=INSTITUCIONES
8160=GRANDES EMPRESAS
8170=EMPRESAS-TELDE
8180=EMPRESAS-VECINDARIO
8197=O.P.SUBDIRECCION A
8198=O.P.SUBDIRECCION B
8201=GOBIERNO AUTONOMO
8202=HOSPITAL INSULAR
8203=R.NTRA.SRA.DEL PINO
8204=MONASTERIO STA.ANA
8206=CAJERO LA FERIA
8207=CARMELITAS DESCALZAS
8208=VENEGAS
8209=HOSPITAL MATERNO I.
8210=CENTRAL
8229=ARRECIFE LANZAROTE
8301=PRESTAMOS(CONTABILIDAD)
8304=CARTERA(COMERCIAL)
8310=PRESTAMOS(GESTORIA)
8313=PRESTAMOS(RECLAMACIONES)
8318=PRESTAMOS(MONTE P.)
8319=CAMARA COMP.PRIV.(REHUSES)
8320=CAMARA COMP.PRIV.(TALONES)
8321=CAMARA COMP.PRIV.(EFECTOS)
8322=CARTERA(EFTOS.AL COBRO)
8323=CARTERA(EFTOS.DOMICILIADOS)
8324=CARTERA(CONTROL CTA.DIVERSAS)
8325=CARTERA-CECA Y OTRAS CAJAS
8328=ADMON. DE PROPIEDADES
8330=PAGO DE RECIBOS
8331=CAMARA RECIBOS
8335=
8338=
8340=SERVICIOS(RECAUDAC.Y PAGOS)
8341=SERVICIOS(REC.CREDITO LAB.)
8345=SERVICIOS(IMPREVISTOS)
8350=SERVICIOS(HAB.MAGIST.-BECAS)
8360=TALONES INP
8361=DPTO. PRESTACIONES
8362=PRESTACIONES(IMP.INSS)
8370=SERV.GRLES.GTOS.
8371=SERV.GRLES.(INMOVILIZADO)
8375=SERVICIOS(C.CTES.DIVER.-BECAS)
8376=CAJA(SERVICIOS)
8380=INTERCAMBIO
8400=SECCION DE AHORRO(LIBRETAS)
8401=SECCION DE AHORRO(CTAS.CTES.)
8402=SECCION DE AHORRO(PLAZO FIJO)
8403=CONTROL CENTRAL(COBRO RECIB.)
8404=SECCION DE AHORRO(AH.EMIGRTE.)
8405=SECCION AHORRO(CARTERA MOROS.)
8406=CAJERO AUTOM.-O.P.
8407=O.P. CARTERA
8410=SECCION AHORRO(CONT.CTAS.DIV.)
8415=SUBDIRECCION OFICINA P.
8420=TRANSFERENCIAS O.P.
8421=TRANSFERENCIAS-NOMINAS
8422=SICA
8423=TRANSF.SERV.CENTRALES
8424=TRANSFE.ORDENES FIJAS
8430=EXTRANJERO
8440=VALORES
8445=VALORES-CEDULAS
8450=PERSONAL
8451=FORMACION/DESARROLLO
8452=ADMINISTRAC.RECURSOS HUMANOS
8453=SELECCION/PROMOCION
8454=SERVICIOS ASISTENCIALES
8460=SERVICIO AGRICOLA
8470=SERVICIO JURIDICO
8480=COORD. OFICINAS(PLAZO FIJO)
8490=DIRECCION ADMINISTRATIVA
8494=DIRECCION COMERCIAL
8500=CONTABILIDAD(CONTROL GRAL.)
8501=CONTABILIDAD(BANCOS)
8502=CONTABILIDAD(CONF.CTA.CTE.)
8503=CONTABILIDAD(CTAS.CONTROL)
8504=CONFEDERACION(INTERCAMBIO)
8505=DEPOSITARIA(EFECTIVO)
8506=DEPOSITARIA(TALONES)
8507=SUBDIRECCION  FINANCIERA
8508=TESORERIA
8509=O.P.-CAJA AUXILIAR
8510=INMOBILIARIA
8511=DEPOSITARIA TENERIFE
8512=DEPOSITARIA MADRID
8520=PROMOCION
8523=COMPRAS Y SEGURIDAD
8530=AUDITORIA INTERNA Y EXTERNA
8540=OBRA SOCIAL Y CULTURAL
8542=SECCION DE AJEDREZ
8543=ESCUELA DE TURISMO
8550=ANALISIS INVERSIONES CREDIT.
8551=ANEXO ARRECIFE
8554=SECRETARIA GENERAL
8555=CENTRO DE PROCESOS DE DATOS
8556=INFORMATICA(LAS COLINAS)
8557=SISTEMAS
8558=EXPLOTACION
8559=DESARROLLO DE PROYECTOS
8560=CECAMECO
8561=MANTENIMIENTO (INFORMATICA)
8562=CONTROL DE RED
8570=REPROGRAFIA
8580=ORGANIZACION
8581=RACIONALIZACION
8582=OFIMATICA
8590=CONTROL DE RIESGOS
8591=PRESU. Y CONTROL GESTION
8592=CONTROL RIESGOS VENCIDOS
8593=CONTROL INVERSIONES
8594=ANALISIS RIESGOS
8595=SUBDIRECCION FINANCIERA
8599=SALDOS ERRONEOS CONVERSION
8610=PUBLICIDAD Y PROPAGANDA
8613=ORGANO CENTRALIZADOR
8614=CENT.INVES.ECONOMICA SOCIAL
8615=INSTALACIONES-MOBILIARIO
8616=CTAS.OPERATIVAS SIN ENCAJE
8620=ACTIVIDADES CULTURALES
8625=ZONA OFICINA PRINCIPAL
8630=COMUNICACIONES
8635=SEGURIDAD Y MANTENIMIENTO
8640=ZONA SUR
8650=ZONA CENTRO-NORTE
8660=ZONA LAS PALMAS
8670=ZONA PUERTO
8680=ZONA LANZAROTE
8681=ZONA FUERTEVENTURA
8685=ZONA EXPANSION EXTERIOR
8690=EMPRESAS PARTICIPADAS
8699=ZONA DEPARTAMENTOS
8700=DIRECCION GENERAL
8701=DIRECCION GRAL.ADJUNTA
8702=DIRECCION COMERCIAL B
8703=DIRECCION COMERCIAL A
8704=DIRECCION TECNICA
8705=SUBDIRECCION GRAL.
8710=MOROSIDAD
8720=PLANIFICACION
8730=MARKETING
8731=GESTORES COMERCIALES
8732=ADMINIS.MEDIOS DE PAGO
8733=TARJETA CANARIA
8735=DIVISION DE EMPRESAS
8741=AGRICULTURA Y GANADERIA
8742=HOSTELERIA/SERVICIOS
8743=ACTIVIDADES INDUSTRIALES
8744=ACTIVIDADES COMERCIALES
8745=ACT.PORTUARIOS-PESQUERAS
8750=DIVISION DE PARTICULARES
8751=CTAS.Y ORGANISMOS ESPECIALES
8752=PROFESIONALES
8753=JUVENTUD TERCERA EDAD
8754=ECONOMIAS DOMESTICAS
8760=DIVISION DE NUEVOS NEGOCIOS
8761=SEGUROS/FONDOS DE PENSIONES
8762=PRODUCTOS EN DESARROLLO
8763=CALIDAD DE SERVICIO
8764=GABINETE JURIDICO
8770=DIVISION DE INMOBILIARIA
8771=CONST. Y ACTIVID. ANEXAS
8999=HERMANITAS DESAMPARADOS
8888=CENTRAL OPEACIONES DIVERSAS