Z=ZARAGOZA
ZA=ZAMORA
15=LA CORUÑA
BU=BURGOS
C=LA CORUNA
CA=CADIZ
CC=CACERES
CE=CEUTA
CO=CORDOBA
CR=CIUDAD REAL
CS=CASTELLON
CU=CUENCA
GC=GRAN CANARIA
GE=GERONA
GR=GRANADA
GU=GUADALAJARA
H=HUELVA
HU=HUESCA
J=JAEN
L=LERIDA
LE=LEON
LO=LOGRONO
LU=LUGO
M=MADRID
MA=MALAGA
ML=MELILLA
MU=MURCIA
NA=NAVARRA
O=OVIEDO
OR=ORENSE
P=PALENCIA
PA=PALENCIA
PM=PALMA DE MALLORCA
PO=PONTEVEDRA
S=SANTANDER
SA=SALAMANCA
SE=SEVILLA
SG=SEGOVIA
SO=SORIA
SS=SAN SEBASTIAN
T=TARRAGONA
TE=TERUEL
TF=SANTA CRUZ DE TENERIFE
TO=TOLEDO
V=VALENCIA
VA=VALLADOLID
VI=VITORIA
VZ=VIZCAYA
14=CORDOBA
16=CUENCA
17=GERONA
18=GRANADA
19=GUADALAJARA
20=GUIPUZCOA
21=HUELVA
22=HUESCA
23=JAEN
24=LEON
25=LERIDA
26=LA RIOJA
27=LUGO
28=MADRID
29=MALAGA
30=MURCIA
31=NAVARRA
32=ORENSE
33=OVIEDO
34=PALENCIA
35=LAS PALMAS
36=PONTEVEDRA
37=SALAMANCA
38=STA CRUZ DE TENERIFE
39=CANTABRIA
40=SEGOVIA
41=SEVILLA
42=SORIA
43=TARRAGONA
44=TERUEL
45=TOLEDO
46=VALENCIA
47=VALLADOLID
48=VIZCAYA
49=ZAMORA
50=ZARAGOZA
52=MELILLA
A=ALICANTE
AB=ALBACETE
AL=ALMERIA
AV=AVILA
B=BARCELONA
BA=BADAJOZ
BI=BILBAO
01=VITORIA
02=ALBACETE
03=ALICANTE
04=ALMERIA
05=AVILA
06=BADAJOZ
07=PALMA DE MALLORCA
08=BARCELONA
09=BURGOS
10=CACERES
11=CADIZ
12=CASTELLON DE LA PLANA
13=CIUDAD REAL
